// Jest Snapshot v1, https://goo.gl/fbAQLP

exports[`Pruebas en <GifItem /> debe de hacer match con el snapshot 1`] = `
<div>
  <div
    class="card"
  >
    <img
      alt="Obiwan"
      src="https://obiwan.com/obiwan.jpg"
    />
    <p>
      Obiwan
    </p>
  </div>
</div>
`;
